****************************************
Report : power
        -significant_digits 2
Design : pipe_warning
Version: U-2022.12-SP5
Date   : Sat Jun 27 22:19:41 2026
****************************************
Information: Activity propagation will be performed for scenario default.
Information: Doing activity propagation for mode 'default' and corner 'default' with effort level 'medium'. (POW-024)
Information: Timer-derived activity data is cached on scenario default (POW-052)
Infomation: Fast mode activity propagation power.rtl_activity_annotation setup is ignored. Always use accurate mode.
Information: Running switching activity propagation in scalar mode!

 **** Information : No. of simulation cycles = 6 ****
Mode: default
Corner: default
Scenario: default
Voltage: 0.95
Temperature: 125.00

Voltage Unit         : 1V
Capacitance Unit     : 1fF
Time Unit            : 1ns
Temperature Unit     : 1C
Dynamic Power Unit   : 1pW
Leakage Power Unit   : 1pW

Switched supply net power scaling:
scaling for leakage power

Supply nets:
VDD (power) probability 1.00 (default)
VSS (ground) probability 1.00 (default)
Warning: Power table extrapolation (extrapolation mode) for port A3 on cell u_mon/u_sr/U2 for parameter Tinp. Lowest table value = 0.016000, highest table value = 1.024000, value = 0.011158 (POW-046)
Warning: Power table extrapolation (extrapolation mode) for port D on cell u_mon/q_reg[7] for parameter Tinp. Lowest table value = inf, highest table value = inf, value = 0.020199 (POW-046)
Warning: Power table extrapolation (extrapolation mode) for port CLK on cell u_mon/q_reg[7] for parameter Tinp. Lowest table value = 0.016000, highest table value = 1.024000, value = 0.000248 (POW-046)
Warning: Power table extrapolation (extrapolation mode) for port Q on cell u_mon/q_reg[7] for parameter Tinp. Lowest table value = 0.016000, highest table value = 1.024000, value = 0.000248 (POW-046)
Warning: Power table extrapolation (extrapolation mode) for port QN on cell u_mon/q_reg[7] for parameter Tinp. Lowest table value = 0.016000, highest table value = 1.024000, value = 0.000248 (POW-046)
Warning: Power table extrapolation (extrapolation mode) for port QN on cell u_mon/q_reg[7] for parameter Cout. Lowest table value = 0.000100, highest table value = 0.008000, value = 0.000000 (POW-046)
Warning: Power table extrapolation (extrapolation mode) for port D on cell u_mon/q_reg[6] for parameter Tinp. Lowest table value = inf, highest table value = inf, value = 0.036354 (POW-046)
Warning: Power table extrapolation (extrapolation mode) for port CLK on cell u_mon/q_reg[6] for parameter Tinp. Lowest table value = 0.016000, highest table value = 1.024000, value = 0.000401 (POW-046)
Warning: Power table extrapolation (extrapolation mode) for port Q on cell u_mon/q_reg[6] for parameter Tinp. Lowest table value = 0.016000, highest table value = 1.024000, value = 0.000401 (POW-046)
Warning: Power table extrapolation (extrapolation mode) for port QN on cell u_mon/q_reg[6] for parameter Tinp. Lowest table value = 0.016000, highest table value = 1.024000, value = 0.000401 (POW-046)
Note - message 'POW-046' limit (10) exceeded. Remainder will be suppressed.

  Cell Internal Power    = 2.01e+07 pW ( 63.6%)
  Net Switching Power    = 1.15e+07 pW ( 36.4%)
Total Dynamic Power      = 3.16e+07 pW (100.0%)

Cell Leakage Power       = 2.54e+09 pW


  Attributes
  ----------
      u  -  User defined power group
      i  -  Includes clock pin internal power

Power Group         Internal Power        Switching Power          Leakage Power            Total Power    (   %  )    Attrs
-----------------------------------------------------------------------------------------------------------------------------
io_pad                    0.00e+00               0.00e+00               0.00e+00               0.00e+00    (  0.0%)         
memory                    0.00e+00               0.00e+00               0.00e+00               0.00e+00    (  0.0%)         
black_box                 0.00e+00               0.00e+00               0.00e+00               0.00e+00    (  0.0%)         
clock_network             1.12e+08               2.12e+06               4.47e+07               1.58e+08    (  6.2%)        i
register                 -1.14e+08               1.61e+06               1.03e+09               9.16e+08    ( 35.7%)         
sequential                0.00e+00               0.00e+00               0.00e+00               0.00e+00    (  0.0%)         
combinational             2.27e+07               7.78e+06               1.46e+09               1.49e+09    ( 58.2%)         
-----------------------------------------------------------------------------------------------------------------------------
Total                     2.01e+07 pW            1.15e+07 pW            2.54e+09 pW            2.57e+09 pW
1
