 
****************************************
Report : qor
Design : pipe_warning
Version: R-2020.09-SP5-5
Date   : Sat Jun 27 22:18:52 2026
****************************************


  Timing Path Group 'clk'
  -----------------------------------
  Levels of Logic:              10.00
  Critical Path Length:          1.41
  Critical Path Slack:          -0.28
  Critical Path Clk Period:      1.50
  Total Negative Slack:         -0.28
  No. of Violating Paths:        1.00
  Worst Hold Violation:          0.00
  Total Hold Violation:          0.00
  No. of Hold Violations:        0.00
  -----------------------------------


  Cell Count
  -----------------------------------
  Hierarchical Cell Count:          4
  Hierarchical Port Count:         26
  Leaf Cell Count:                124
  Buf/Inv Cell Count:              39
  Buf Cell Count:                   4
  Inv Cell Count:                  35
  CT Buf/Inv Cell Count:            0
  Combinational Cell Count:        92
  Sequential Cell Count:           32
  Macro Count:                      0
  -----------------------------------


  Area
  -----------------------------------
  Combinational Area:      190.608002
  Noncombinational Area:   227.713028
  Buf/Inv Area:             53.624385
  Total Buffer Area:             8.13
  Total Inverter Area:          45.49
  Macro/Black Box Area:      0.000000
  Net Area:                 63.070764
  -----------------------------------
  Cell Area:               418.321030
  Design Area:             481.391794


  Design Rules
  -----------------------------------
  Total Number of Nets:           151
  Nets With Violations:             0
  Max Trans Violations:             0
  Max Cap Violations:               0
  -----------------------------------


  Hostname: synopsys.stbzu.edu

  Compile CPU Statistics
  -----------------------------------------
  Resource Sharing:                    0.02
  Logic Optimization:                  0.42
  Mapping Optimization:                5.42
  -----------------------------------------
  Overall Compile Time:               10.44
  Overall Compile Wall Clock Time:    10.71

  --------------------------------------------------------------------

  Design  WNS: 0.28  TNS: 0.28  Number of Violating Paths: 1


  Design (Hold)  WNS: 0.00  TNS: 0.00  Number of Violating Paths: 0

  --------------------------------------------------------------------


1
