****************************************
Report : power
        -significant_digits 2
Design : pipe_warning
Version: U-2022.12-SP5
Date   : Sat Jun 27 22:18:36 2026
****************************************
Information: Activity propagation will be performed for scenario default.
Information: Doing activity propagation for mode 'default' and corner 'default' with effort level 'medium'. (POW-024)
Information: Timer-derived activity data is cached on scenario default (POW-052)
Infomation: Fast mode activity propagation power.rtl_activity_annotation setup is ignored. Always use accurate mode.
Information: Running switching activity propagation in scalar mode!

 **** Information : No. of simulation cycles = 6 ****
Mode: default
Corner: default
Scenario: default
Voltage: 0.95
Temperature: 125.00

Voltage Unit         : 1V
Capacitance Unit     : 1fF
Time Unit            : 1ns
Temperature Unit     : 1C
Dynamic Power Unit   : 1pW
Leakage Power Unit   : 1pW

Switched supply net power scaling:
scaling for leakage power

Supply nets:
VDD (power) probability 1.00 (default)
VSS (ground) probability 1.00 (default)
Warning: Power table extrapolation (extrapolation mode) for port A3 on cell u_mon/u_sr/U2 for parameter Tinp. Lowest table value = 0.016000, highest table value = 1.024000, value = 0.013123 (POW-046)
Warning: Power table extrapolation (extrapolation mode) for port D on cell u_mon/q_reg[6] for parameter Tinp. Lowest table value = inf, highest table value = inf, value = 0.054607 (POW-046)
Warning: Power table extrapolation (extrapolation mode) for port CLK on cell u_mon/q_reg[6] for parameter Tinp. Lowest table value = 0.016000, highest table value = 1.024000, value = 0.000229 (POW-046)
Warning: Power table extrapolation (extrapolation mode) for port Q on cell u_mon/q_reg[6] for parameter Tinp. Lowest table value = 0.016000, highest table value = 1.024000, value = 0.000229 (POW-046)
Warning: Power table extrapolation (extrapolation mode) for port QN on cell u_mon/q_reg[6] for parameter Tinp. Lowest table value = 0.016000, highest table value = 1.024000, value = 0.000229 (POW-046)
Warning: Power table extrapolation (extrapolation mode) for port QN on cell u_mon/q_reg[6] for parameter Cout. Lowest table value = 0.000100, highest table value = 0.008000, value = 0.000000 (POW-046)
Warning: Power table extrapolation (extrapolation mode) for port D on cell u_mon/q_reg[5] for parameter Tinp. Lowest table value = inf, highest table value = inf, value = 0.054989 (POW-046)
Warning: Power table extrapolation (extrapolation mode) for port CLK on cell u_mon/q_reg[5] for parameter Tinp. Lowest table value = 0.016000, highest table value = 1.024000, value = 0.000134 (POW-046)
Warning: Power table extrapolation (extrapolation mode) for port Q on cell u_mon/q_reg[5] for parameter Tinp. Lowest table value = 0.016000, highest table value = 1.024000, value = 0.000134 (POW-046)
Warning: Power table extrapolation (extrapolation mode) for port QN on cell u_mon/q_reg[5] for parameter Tinp. Lowest table value = 0.016000, highest table value = 1.024000, value = 0.000134 (POW-046)
Note - message 'POW-046' limit (10) exceeded. Remainder will be suppressed.

  Cell Internal Power    = 2.41e+07 pW ( 57.6%)
  Net Switching Power    = 1.77e+07 pW ( 42.4%)
Total Dynamic Power      = 4.19e+07 pW (100.0%)

Cell Leakage Power       = 1.67e+09 pW


  Attributes
  ----------
      u  -  User defined power group
      i  -  Includes clock pin internal power

Power Group         Internal Power        Switching Power          Leakage Power            Total Power    (   %  )    Attrs
-----------------------------------------------------------------------------------------------------------------------------
io_pad                    0.00e+00               0.00e+00               0.00e+00               0.00e+00    (  0.0%)         
memory                    0.00e+00               0.00e+00               0.00e+00               0.00e+00    (  0.0%)         
black_box                 0.00e+00               0.00e+00               0.00e+00               0.00e+00    (  0.0%)         
clock_network             2.29e+08               5.24e+06               4.97e+07               2.84e+08    ( 16.6%)        i
register                 -2.17e+08               3.81e+06               1.03e+09               8.14e+08    ( 47.6%)         
sequential                0.00e+00               0.00e+00               0.00e+00               0.00e+00    (  0.0%)         
combinational             1.20e+07               8.70e+06               5.91e+08               6.11e+08    ( 35.8%)         
-----------------------------------------------------------------------------------------------------------------------------
Total                     2.41e+07 pW            1.77e+07 pW            1.67e+09 pW            1.71e+09 pW
1
